
================================================================================
END-TO-END TEST: Smart Contract ACL with Signed Device Auth
================================================================================

[STEP 1] Alice & Bob Login
--------------------------------------------------------------------------------
  OK - Alice logged in. Chain has 9 blocks
  OK - Bob logged in. Chain has 1 blocks

[STEP 2] Register Devices with Ed25519 Public Keys
--------------------------------------------------------------------------------
  OK - Alice registered device: alice_device_1770478876
  OK - Bob registered device: bob_device_1770478876

[STEP 3] Alice Uploads a File
--------------------------------------------------------------------------------
  OK - File uploaded with ID: e24d4d97-f885-4eac-a6a9-f42711524883
       Block ID: 9

[STEP 4] Alice Grants On-Chain Access to Bob (device-restricted)
--------------------------------------------------------------------------------
  OK - Access granted on-chain
       Tx: 0xa6cdcd212676d4...

[STEP 5] Verify Grants are Visible On-Chain
--------------------------------------------------------------------------------
  OK - Found 1 grant(s)
       User: 0x1234567890123456789012345678901234567890
       Devices: ['0x2bfe8d35f679fa5cbce85cd60132fcc32102f8a6a5c2265f6d2dd804c0c5700d']
       Revoked: False

[STEP 6] Bob Downloads File with Signed Device Request
--------------------------------------------------------------------------------

FAILED: Download failed (403): {
  "error": "Access denied by ACL contract"
}

